<html>
<body>
<pre>
<h1>µVision Build Log</h1>
<h2>Tool Versions:</h2>
IDE-Version: µVision V5.16a
Copyright (C) 2015 ARM Ltd and ARM Germany GmbH. All rights reserved.
License Information: Ricardo Teixeira, Litos fotocópias, LIC=DSNRA-16NTT-058TY-IRG0K-LP21P-B3ZZ2
 
Tool Versions:
Toolchain:       MDK-ARM Professional  Version: 5.16a
Toolchain Path:  C:\Keil_v5\ARM\ARMCC\Bin
C Compiler:      Armcc.exe V5.06 (build 20)
Assembler:       Armasm.exe V5.06 (build 20)
Linker/Locator:  ArmLink.exe V5.06 (build 20)
Library Manager: ArmAr.exe V5.06 (build 20)
Hex Converter:   FromElf.exe V5.06 (build 20)
CPU DLL:         SARMCM3.DLL V5.16a
Dialog DLL:      DCM.DLL V1.13.2.0
Target DLL:      STLink\ST-LINKIII-KEIL_SWO.dll V2.0.17.0
Dialog DLL:      TCM.DLL V1.14.5.0
 
<h2>Project:</h2>
C:\Users\Welckron\Desktop\Sistemas Embebidos\Projeto 1\TechTrainer_Transmitter\Usart\MDK-ARM\Usart.uvprojx
Project File Date:  12/02/2015

<h2>Output:</h2>
*** Using Compiler 'V5.06 (build 20)', folder: 'C:\Keil_v5\ARM\ARMCC\Bin'
Rebuild target 'Usart Configuration'
compiling stm32f4xx_hal_pwr_ex.c...
compiling stm32f4xx_hal_uart.c...
compiling stm32f4xx_hal_rcc.c...
compiling stm32f4xx_hal_dma.c...
compiling stm32f4xx_hal_flash_ramfunc.c...
compiling stm32f4xx_hal_gpio.c...
compiling stm32f4xx_hal_pwr.c...
compiling stm32f4xx_hal_dma_ex.c...
compiling stm32f4xx_hal.c...
compiling stm32f4xx_hal_flash.c...
compiling stm32f4xx_hal_flash_ex.c...
compiling stm32f4xx_hal_rcc_ex.c...
compiling stm32f4xx_hal_cortex.c...
compiling stm32f4xx_hal_spi.c...
compiling stm32f4xx_hal_tim.c...
compiling stm32f4xx_hal_adc_ex.c...
compiling stm32f4xx_hal_adc.c...
compiling stm32f4xx_hal_tim_ex.c...
compiling system_stm32f4xx.c...
compiling stm32f4xx_it.c...
compiling stm32f4xx_hal_msp.c...
compiling main.c...
../Src/main.c(170): warning:  #61-D: integer operation result is out of range
  			
ISCO_LedOff(LED_BLUE);
../Src/main.c: 1 warning, 0 errors
compiling delay.c...
compiling disco.c...
disco.c(71): warning:  #61-D: integer operation result is out of range
  	
ISCO_LedOff(LED_ALL);
disco.c: 1 warning, 0 errors
compiling gpio.c...
compiling exti.c...
compiling nrf.c...
nrf.c(493): warning:  #940-D: missing return statement at end of non-void function "NRF24L01_Read_Interrupts"
  }
nrf.c: 1 warning, 0 errors
compiling rcc.c...
compiling spi.c...
compiling spi.c...
compiling usart.c...
compiling gpio.c...
compiling adc.c...
compiling tim.c...
compiling dma.c...
assembling startup_stm32f407xx.s...
linking...
Program Size: Code=10592 RO-data=448 RW-data=28 ZI-data=3508  
FromELF: creating hex file...
"Usart Configuration/\ppp.axf" - 0 Error(s), 3 Warning(s).

<h2>Software Packages used:</h2>

Package Vendor: ARM
                http://www.keil.com/pack/ARM.CMSIS.4.4.0.pack
                ARM::CMSIS:CORE:4.2.0
                CMSIS (Cortex Microcontroller Software Interface Standard)
   * Component: CORE Version: 4.2.0

<h2>Collection of Component include folders:</h2>
  C:\Users\Welckron\Desktop\Sistemas Embebidos\Projeto 1\TechTrainer_Transmitter\Usart\MDK-ARM\RTE
  C:\Keil_v5\ARM\PACK\ARM\CMSIS\4.4.0\CMSIS\Include
  C:\Keil_v5\ARM\PACK\Keil\STM32F4xx_DFP\2.6.0\Drivers\CMSIS\Device\ST\STM32F4xx\Include

<h2>Collection of Component Files used:</h2>

   * Component: ARM::CMSIS:CORE:4.2.0
Build Time Elapsed:  00:00:18
</pre>
</body>
</html>
